﻿
> 360@0.0.0 build
> vite build

[36mvite v7.3.1 [32mbuilding client environment for production...[36m[39m
transforming...
[32mΓ£ô[39m 83 modules transformed.
node.exe : [31mΓ£ù[39m Build failed in 798ms
At line:1 char:1
+ & "C:\Program Files\nodejs/node.exe" "C:\Program 
Files\nodejs/node_mo ...
+ ~~~~~~~~~~~~~~~~~~~~~~~~~~~~~~~~~~~~~~~~~~~~~~~~~~~~~~~~~~~~~~~~~~~~~
    + CategoryInfo          : NotSpecified: ([31mΓ£ù[39m Build faile 
   d in 798ms:String) [], RemoteException
    + FullyQualifiedErrorId : NativeCommandError
 
[31merror during build:
[31msrc/pages/services/TaxationServicesPage.jsx (3:2): "FiCalculator" 
is not exported by "node_modules/react-icons/fi/index.mjs", imported 
by "src/pages/services/TaxationServicesPage.jsx".[31m
file: [36mF:/Krishna Aditya 
Sharma/360/src/pages/services/TaxationServicesPage.jsx:3:2[31m
[33m
1: import { 
2:   FiFileText, 
3:   FiCalculator, 
     ^
4:   FiShield, 
5:   FiTrendingUp, 
[31m
    at getRollupError (file:///F:/Krishna%20Aditya%20Sharma/360/node_mo
dules/rollup/dist/es/shared/parseAst.js:402:41)
    at error (file:///F:/Krishna%20Aditya%20Sharma/360/node_modules/rol
lup/dist/es/shared/parseAst.js:398:42)
    at Module.error (file:///F:/Krishna%20Aditya%20Sharma/360/node_modu
les/rollup/dist/es/shared/node-entry.js:17040:16)
    at Module.traceVariable (file:///F:/Krishna%20Aditya%20Sharma/360/n
ode_modules/rollup/dist/es/shared/node-entry.js:17452:29)
    at ModuleScope.findVariable (file:///F:/Krishna%20Aditya%20Sharma/3
60/node_modules/rollup/dist/es/shared/node-entry.js:15070:39)
    at Identifier.bind (file:///F:/Krishna%20Aditya%20Sharma/360/node_m
odules/rollup/dist/es/shared/node-entry.js:5447:40)
    at Property.bind (file:///F:/Krishna%20Aditya%20Sharma/360/node_mod
ules/rollup/dist/es/shared/node-entry.js:2829:23)
    at ObjectExpression.bind (file:///F:/Krishna%20Aditya%20Sharma/360/
node_modules/rollup/dist/es/shared/node-entry.js:2825:28)
    at ArrayExpression.bind (file:///F:/Krishna%20Aditya%20Sharma/360/n
ode_modules/rollup/dist/es/shared/node-entry.js:2825:28)
    at VariableDeclarator.bind (file:///F:/Krishna%20Aditya%20Sharma/36
0/node_modules/rollup/dist/es/shared/node-entry.js:2829:23)[39m
